Component: ARM Compiler 5.06 update 6 (build 750) Tool: armlink [4d35ed]

==============================================================================

Section Cross References

    adc_functions.o(i.ADC0_IRQHandler) refers to adc_functions.o(i.__NVIC_ClearPendingIRQ) for __NVIC_ClearPendingIRQ
    adc_functions.o(i.ADC0_IRQHandler) refers to calculations.o(i.ReferenceWave) for ReferenceWave
    adc_functions.o(i.ADC0_IRQHandler) refers to calculations.o(i.FindMax) for FindMax
    adc_functions.o(i.ADC0_IRQHandler) refers to calculations.o(i.FindMin) for FindMin
    adc_functions.o(i.ADC0_IRQHandler) refers to calculations.o(i.FindLowThresh) for FindLowThresh
    adc_functions.o(i.ADC0_IRQHandler) refers to calculations.o(i.FindHighThresh) for FindHighThresh
    adc_functions.o(i.ADC0_IRQHandler) refers to leds.o(i.control_LEDs) for control_LEDs
    adc_functions.o(i.ADC0_IRQHandler) refers to recordings.o(i.recordFile1) for recordFile1
    adc_functions.o(i.ADC0_IRQHandler) refers to recordings.o(i.recordFile2) for recordFile2
    adc_functions.o(i.ADC0_IRQHandler) refers to adc_functions.o(i.StopRecording) for StopRecording
    adc_functions.o(i.ADC0_IRQHandler) refers to adc_functions.o(.data) for refCount
    adc_functions.o(i.GetBeats) refers to adc_functions.o(.data) for beatCount
    adc_functions.o(i.Init_ADC) refers to adc_functions.o(i.__NVIC_SetPriority) for __NVIC_SetPriority
    adc_functions.o(i.Init_ADC) refers to adc_functions.o(i.__NVIC_ClearPendingIRQ) for __NVIC_ClearPendingIRQ
    adc_functions.o(i.Init_ADC) refers to adc_functions.o(.data) for refCount
    adc_functions.o(i.ResetThresh) refers to adc_functions.o(.data) for refCount
    adc_functions.o(i.StartRecording) refers to adc_functions.o(.data) for waveFile
    adc_functions.o(i.StopRecording) refers to adc_functions.o(.data) for recordFlag
    calculations.o(i.ChangeSampleRate) refers to interface_functions.o(i.UpdateSampleRate) for UpdateSampleRate
    calculations.o(i.ChangeSampleRate) refers to pit_functions.o(i.Stop_PIT) for Stop_PIT
    calculations.o(i.ChangeSampleRate) refers to pit_functions.o(i.Init_PIT0) for Init_PIT0
    calculations.o(i.ChangeSampleRate) refers to pit_functions.o(i.Start_PIT) for Start_PIT
    calculations.o(i.ChangeSampleRate) refers to adc_functions.o(i.ResetThresh) for ResetThresh
    calculations.o(i.ChangeSampleRate) refers to calculations.o(.data) for currentRate
    calculations.o(i.ChangeSampleRate) refers to calculations.o(.constdata) for sample_rate
    calculations.o(i.FindHighThresh) refers to dflti.o(.text) for __aeabi_ui2d
    calculations.o(i.FindHighThresh) refers to dmul.o(.text) for __aeabi_dmul
    calculations.o(i.FindHighThresh) refers to dfixui.o(.text) for __aeabi_d2uiz
    calculations.o(i.FindLowThresh) refers to dflti.o(.text) for __aeabi_ui2d
    calculations.o(i.FindLowThresh) refers to dmul.o(.text) for __aeabi_dmul
    calculations.o(i.FindLowThresh) refers to dfixui.o(.text) for __aeabi_d2uiz
    calculations.o(i.FindMax) refers to calculations.o(.bss) for refWave
    calculations.o(i.FindMin) refers to calculations.o(.bss) for refWave
    calculations.o(i.ReferenceWave) refers to calculations.o(.bss) for refWave
    calculations.o(i.init_SampleRate) refers to calculations.o(.data) for currentRate
    interface_functions.o(i.Input) refers to calculations.o(i.ChangeSampleRate) for ChangeSampleRate
    interface_functions.o(i.Input) refers to adc_functions.o(i.StartRecording) for StartRecording
    interface_functions.o(i.Input) refers to interface_functions.o(i.MoveCursor) for MoveCursor
    interface_functions.o(i.Input) refers to interface_functions.o(i.SelectFile) for SelectFile
    interface_functions.o(i.Input) refers to recordings.o(i.sendToDAC) for sendToDAC
    interface_functions.o(i.Input) refers to interface_functions.o(i.UpdateMenu) for UpdateMenu
    interface_functions.o(i.Input) refers to lcd_lib_4bit_20b.o(i.delayMs) for delayMs
    interface_functions.o(i.Input) refers to interface_functions.o(.data) for Menu
    interface_functions.o(i.Input) refers to interface_functions.o(.bss) for Main_Menu
    interface_functions.o(i.MoveCursor) refers to interface_functions.o(i.UpdateMenu) for UpdateMenu
    interface_functions.o(i.MoveCursor) refers to lcd_lib_4bit_20b.o(i.delayMs) for delayMs
    interface_functions.o(i.MoveCursor) refers to interface_functions.o(.data) for cursorPos
    interface_functions.o(i.MoveCursor) refers to interface_functions.o(.bss) for File_Menu
    interface_functions.o(i.SelectFile) refers to interface_functions.o(i.UpdateMenu) for UpdateMenu
    interface_functions.o(i.SelectFile) refers to lcd_lib_4bit_20b.o(i.delayMs) for delayMs
    interface_functions.o(i.SelectFile) refers to interface_functions.o(.data) for cursorPos
    interface_functions.o(i.SelectFile) refers to interface_functions.o(.bss) for File_Menu
    interface_functions.o(i.UpdateBPM) refers to aeabi_sdiv.o(.text) for __aeabi_idivmod
    interface_functions.o(i.UpdateBPM) refers to interface_functions.o(i.UpdateMenu) for UpdateMenu
    interface_functions.o(i.UpdateBPM) refers to lcd_lib_4bit_20b.o(i.delayMs) for delayMs
    interface_functions.o(i.UpdateBPM) refers to interface_functions.o(.bss) for Main_Menu
    interface_functions.o(i.UpdateBPM) refers to interface_functions.o(.data) for Menu
    interface_functions.o(i.UpdateMenu) refers to lcd_functions.o(i.displayString) for displayString
    interface_functions.o(i.UpdateSampleRate) refers to interface_functions.o(i.RateConverter) for RateConverter
    interface_functions.o(i.UpdateSampleRate) refers to interface_functions.o(.bss) for Main_Menu
    interface_functions.o(i.init_Menu) refers to interface_functions.o(.bss) for Main_Menu
    interface_functions.o(i.init_UI) refers to interface_functions.o(i.init_Menu) for init_Menu
    interface_functions.o(i.init_UI) refers to calculations.o(i.init_SampleRate) for init_SampleRate
    interface_functions.o(i.init_UI) refers to interface_functions.o(i.UpdateMenu) for UpdateMenu
    interface_functions.o(i.init_UI) refers to lcd_lib_4bit_20b.o(i.delayMs) for delayMs
    interface_functions.o(i.init_UI) refers to interface_functions.o(.data) for Menu
    interface_functions.o(i.init_UI) refers to interface_functions.o(.bss) for Main_Menu
    lcd_functions.o(i.binToHex) refers to aeabi_sdiv.o(.text) for __aeabi_idivmod
    lcd_functions.o(i.binToHex) refers to lcd_functions.o(i.Exp) for Exp
    lcd_functions.o(i.binToHex) refers to lcd_functions.o(i.bitToHex) for bitToHex
    lcd_functions.o(i.bitToHex) refers to lcd_functions.o(i.ijSwap) for ijSwap
    lcd_functions.o(i.bitToHex) refers to lcd_functions.o(i.Exp) for Exp
    lcd_functions.o(i.displayString) refers to lcd_lib_4bit_20b.o(i.LCD_send_data) for LCD_send_data
    lcd_lib_4bit_20b.o(i.LCD_command) refers to lcd_lib_4bit_20b.o(i.pulse_the_LCD_enable) for pulse_the_LCD_enable
    lcd_lib_4bit_20b.o(i.LCD_command) refers to lcd_lib_4bit_20b.o(i.delayMs) for delayMs
    lcd_lib_4bit_20b.o(i.LCD_init) refers to lcd_lib_4bit_20b.o(i.delayMs) for delayMs
    lcd_lib_4bit_20b.o(i.LCD_init) refers to lcd_lib_4bit_20b.o(i.pulse_the_LCD_enable) for pulse_the_LCD_enable
    lcd_lib_4bit_20b.o(i.LCD_init) refers to lcd_lib_4bit_20b.o(i.LCD_command) for LCD_command
    lcd_lib_4bit_20b.o(i.LCD_send_data) refers to lcd_lib_4bit_20b.o(i.pulse_the_LCD_enable) for pulse_the_LCD_enable
    lcd_lib_4bit_20b.o(i.pulse_the_LCD_enable) refers to lcd_lib_4bit_20b.o(i.delayMs) for delayMs
    leds.o(i.init_LEDs) refers to leds.o(i.control_LEDs) for control_LEDs
    leds.o(i.init_LEDs) refers to lcd_lib_4bit_20b.o(i.delayMs) for delayMs
    main.o(i.main) refers to startup_functions.o(i.init_All) for init_All
    main.o(i.main) refers to pit_functions.o(i.Start_PIT) for Start_PIT
    pit_functions.o(i.Init_PIT1) refers to pit_functions.o(i.__NVIC_SetPriority) for __NVIC_SetPriority
    pit_functions.o(i.Init_PIT1) refers to pit_functions.o(i.__NVIC_ClearPendingIRQ) for __NVIC_ClearPendingIRQ
    pit_functions.o(i.PIT_IRQHandler) refers to pit_functions.o(i.__NVIC_ClearPendingIRQ) for __NVIC_ClearPendingIRQ
    pit_functions.o(i.PIT_IRQHandler) refers to adc_functions.o(i.GetBeats) for GetBeats
    pit_functions.o(i.PIT_IRQHandler) refers to calculations.o(i.CalculateBPM) for CalculateBPM
    pit_functions.o(i.PIT_IRQHandler) refers to interface_functions.o(i.UpdateBPM) for UpdateBPM
    recordings.o(i.recordFile1) refers to recordings.o(.bss) for waveArray1
    recordings.o(i.recordFile2) refers to recordings.o(.bss) for waveArray2
    recordings.o(i.sendToDAC) refers to recordings.o(.bss) for waveArray1
    startup_functions.o(i.init_All) refers to debug_signals.o(i.init_debug_signals) for init_debug_signals
    startup_functions.o(i.init_All) refers to adc_functions.o(i.Init_ADC) for Init_ADC
    startup_functions.o(i.init_All) refers to dac_functions.o(i.Init_DAC) for Init_DAC
    startup_functions.o(i.init_All) refers to switches.o(i.init_Switch) for init_Switch
    startup_functions.o(i.init_All) refers to lcd_lib_4bit_20b.o(i.LCD_init) for LCD_init
    startup_functions.o(i.init_All) refers to lcd_lib_4bit_20b.o(i.LCD_command) for LCD_command
    startup_functions.o(i.init_All) refers to interface_functions.o(i.init_UI) for init_UI
    startup_functions.o(i.init_All) refers to pit_functions.o(i.Init_PIT0) for Init_PIT0
    startup_functions.o(i.init_All) refers to pit_functions.o(i.Init_PIT1) for Init_PIT1
    startup_functions.o(i.init_All) refers to startup_functions.o(i.Init_TPM1) for Init_TPM1
    startup_functions.o(i.init_All) refers to leds.o(i.init_LEDs) for init_LEDs
    startup_functions.o(i.init_All) refers to leds.o(i.toggle_LEDs) for toggle_LEDs
    switches.o(i.PORTA_IRQHandler) refers to switches.o(i.__NVIC_ClearPendingIRQ) for __NVIC_ClearPendingIRQ
    switches.o(i.PORTA_IRQHandler) refers to interface_functions.o(i.Input) for Input
    switches.o(i.init_Switch) refers to switches.o(i.__NVIC_SetPriority) for __NVIC_SetPriority
    switches.o(i.init_Switch) refers to switches.o(i.__NVIC_ClearPendingIRQ) for __NVIC_ClearPendingIRQ
    startup_mkl25z4.o(STACK) refers (Special) to heapauxi.o(.text) for __use_two_region_memory
    startup_mkl25z4.o(HEAP) refers (Special) to heapauxi.o(.text) for __use_two_region_memory
    startup_mkl25z4.o(RESET) refers (Special) to heapauxi.o(.text) for __use_two_region_memory
    startup_mkl25z4.o(RESET) refers to startup_mkl25z4.o(STACK) for __initial_sp
    startup_mkl25z4.o(RESET) refers to startup_mkl25z4.o(.text) for Reset_Handler
    startup_mkl25z4.o(RESET) refers to adc_functions.o(i.ADC0_IRQHandler) for ADC0_IRQHandler
    startup_mkl25z4.o(RESET) refers to pit_functions.o(i.PIT_IRQHandler) for PIT_IRQHandler
    startup_mkl25z4.o(RESET) refers to switches.o(i.PORTA_IRQHandler) for PORTA_IRQHandler
    startup_mkl25z4.o(.ARM.__at_0x400) refers (Special) to heapauxi.o(.text) for __use_two_region_memory
    startup_mkl25z4.o(.text) refers (Special) to heapauxi.o(.text) for __use_two_region_memory
    startup_mkl25z4.o(.text) refers to system_mkl25z4.o(i.SystemInit) for SystemInit
    startup_mkl25z4.o(.text) refers to __main.o(!!!main) for __main
    startup_mkl25z4.o(.text) refers to startup_mkl25z4.o(HEAP) for Heap_Mem
    startup_mkl25z4.o(.text) refers to startup_mkl25z4.o(STACK) for Stack_Mem
    system_mkl25z4.o(i.SystemCoreClockUpdate) refers to aeabi_sdiv.o(.text) for __aeabi_uidivmod
    system_mkl25z4.o(i.SystemCoreClockUpdate) refers to system_mkl25z4.o(i.__ARM_common_switch8) for __ARM_common_switch8
    system_mkl25z4.o(i.SystemCoreClockUpdate) refers to system_mkl25z4.o(.data) for SystemCoreClock
    __main.o(!!!main) refers to __rtentry.o(.ARM.Collect$$rtentry$$00000000) for __rt_entry
    dfixui.o(.text) refers (Special) to usenofp.o(x$fpl$usenofp) for __I$use$fp
    dflti.o(.text) refers (Special) to usenofp.o(x$fpl$usenofp) for __I$use$fp
    dmul.o(.text) refers (Special) to usenofp.o(x$fpl$usenofp) for __I$use$fp
    __rtentry.o(.ARM.Collect$$rtentry$$00000000) refers (Special) to __rtentry2.o(.ARM.Collect$$rtentry$$0000000A) for __rt_entry_li
    __rtentry.o(.ARM.Collect$$rtentry$$00000000) refers (Special) to __rtentry2.o(.ARM.Collect$$rtentry$$0000000D) for __rt_entry_main
    __rtentry.o(.ARM.Collect$$rtentry$$00000000) refers (Special) to __rtentry2.o(.ARM.Collect$$rtentry$$0000000C) for __rt_entry_postli_1
    __rtentry.o(.ARM.Collect$$rtentry$$00000000) refers (Special) to __rtentry2.o(.ARM.Collect$$rtentry$$00000009) for __rt_entry_postsh_1
    __rtentry.o(.ARM.Collect$$rtentry$$00000000) refers (Special) to __rtentry2.o(.ARM.Collect$$rtentry$$00000002) for __rt_entry_presh_1
    __rtentry.o(.ARM.Collect$$rtentry$$00000000) refers (Special) to __rtentry4.o(.ARM.Collect$$rtentry$$00000004) for __rt_entry_sh
    aeabi_idiv0_sigfpe.o(.text) refers to rt_div0.o(.text) for __rt_div0
    __rtentry2.o(.ARM.Collect$$rtentry$$00000008) refers to boardinit2.o(.text) for _platform_post_stackheap_init
    __rtentry2.o(.ARM.Collect$$rtentry$$0000000A) refers to libinit.o(.ARM.Collect$$libinit$$00000000) for __rt_lib_init
    __rtentry2.o(.ARM.Collect$$rtentry$$0000000B) refers to boardinit3.o(.text) for _platform_post_lib_init
    __rtentry2.o(.ARM.Collect$$rtentry$$0000000D) refers to main.o(i.main) for main
    __rtentry2.o(.ARM.Collect$$rtentry$$0000000D) refers to exit.o(.text) for exit
    __rtentry2.o(.ARM.exidx) refers to __rtentry2.o(.ARM.Collect$$rtentry$$00000001) for .ARM.Collect$$rtentry$$00000001
    __rtentry2.o(.ARM.exidx) refers to __rtentry2.o(.ARM.Collect$$rtentry$$00000008) for .ARM.Collect$$rtentry$$00000008
    __rtentry2.o(.ARM.exidx) refers to __rtentry2.o(.ARM.Collect$$rtentry$$0000000A) for .ARM.Collect$$rtentry$$0000000A
    __rtentry2.o(.ARM.exidx) refers to __rtentry2.o(.ARM.Collect$$rtentry$$0000000B) for .ARM.Collect$$rtentry$$0000000B
    __rtentry2.o(.ARM.exidx) refers to __rtentry2.o(.ARM.Collect$$rtentry$$0000000D) for .ARM.Collect$$rtentry$$0000000D
    __rtentry4.o(.ARM.Collect$$rtentry$$00000004) refers to sys_stackheap_outer.o(.text) for __user_setup_stackheap
    __rtentry4.o(.ARM.exidx) refers to __rtentry4.o(.ARM.Collect$$rtentry$$00000004) for .ARM.Collect$$rtentry$$00000004
    rt_div0.o(.text) refers to defsig_fpe_outer.o(.text) for __rt_SIGFPE
    sys_stackheap_outer.o(.text) refers to libspace.o(.text) for __user_perproc_libspace
    sys_stackheap_outer.o(.text) refers to startup_mkl25z4.o(.text) for __user_initial_stackheap
    sys_stackheap_outer.o(__vectab_stack_and_reset_area) refers to tempstk.o(.text) for __temporary_stack_top
    sys_stackheap_outer.o(__vectab_stack_and_reset_area) refers to __main.o(!!!main) for __main
    exit.o(.text) refers to rtexit.o(.ARM.Collect$$rtexit$$00000000) for __rt_exit
    defsig_fpe_outer.o(.text) refers to defsig_fpe_inner.o(.text) for __rt_SIGFPE_inner
    defsig_fpe_outer.o(.text) refers to defsig_exit.o(.text) for __sig_exit
    defsig_fpe_formal.o(.text) refers to rt_raise.o(.text) for __rt_raise
    libinit.o(.ARM.Collect$$libinit$$00000000) refers (Special) to libinit2.o(.ARM.Collect$$libinit$$0000002E) for __rt_lib_init_alloca_1
    libinit.o(.ARM.Collect$$libinit$$00000000) refers (Special) to libinit2.o(.ARM.Collect$$libinit$$0000002C) for __rt_lib_init_argv_1
    libinit.o(.ARM.Collect$$libinit$$00000000) refers (Special) to libinit2.o(.ARM.Collect$$libinit$$0000001B) for __rt_lib_init_atexit_1
    libinit.o(.ARM.Collect$$libinit$$00000000) refers (Special) to libinit2.o(.ARM.Collect$$libinit$$00000021) for __rt_lib_init_clock_1
    libinit.o(.ARM.Collect$$libinit$$00000000) refers (Special) to libinit2.o(.ARM.Collect$$libinit$$00000032) for __rt_lib_init_cpp_1
    libinit.o(.ARM.Collect$$libinit$$00000000) refers (Special) to libinit2.o(.ARM.Collect$$libinit$$00000030) for __rt_lib_init_exceptions_1
    libinit.o(.ARM.Collect$$libinit$$00000000) refers (Special) to libinit2.o(.ARM.Collect$$libinit$$00000002) for __rt_lib_init_fp_1
    libinit.o(.ARM.Collect$$libinit$$00000000) refers (Special) to libinit2.o(.ARM.Collect$$libinit$$0000001F) for __rt_lib_init_fp_trap_1
    libinit.o(.ARM.Collect$$libinit$$00000000) refers (Special) to libinit2.o(.ARM.Collect$$libinit$$00000023) for __rt_lib_init_getenv_1
    libinit.o(.ARM.Collect$$libinit$$00000000) refers (Special) to libinit2.o(.ARM.Collect$$libinit$$0000000A) for __rt_lib_init_heap_1
    libinit.o(.ARM.Collect$$libinit$$00000000) refers (Special) to libinit2.o(.ARM.Collect$$libinit$$00000011) for __rt_lib_init_lc_collate_1
    libinit.o(.ARM.Collect$$libinit$$00000000) refers (Special) to libinit2.o(.ARM.Collect$$libinit$$00000013) for __rt_lib_init_lc_ctype_1
    libinit.o(.ARM.Collect$$libinit$$00000000) refers (Special) to libinit2.o(.ARM.Collect$$libinit$$00000015) for __rt_lib_init_lc_monetary_1
    libinit.o(.ARM.Collect$$libinit$$00000000) refers (Special) to libinit2.o(.ARM.Collect$$libinit$$00000017) for __rt_lib_init_lc_numeric_1
    libinit.o(.ARM.Collect$$libinit$$00000000) refers (Special) to libinit2.o(.ARM.Collect$$libinit$$00000019) for __rt_lib_init_lc_time_1
    libinit.o(.ARM.Collect$$libinit$$00000000) refers (Special) to libinit2.o(.ARM.Collect$$libinit$$00000004) for __rt_lib_init_preinit_1
    libinit.o(.ARM.Collect$$libinit$$00000000) refers (Special) to libinit2.o(.ARM.Collect$$libinit$$0000000E) for __rt_lib_init_rand_1
    libinit.o(.ARM.Collect$$libinit$$00000000) refers (Special) to libinit2.o(.ARM.Collect$$libinit$$00000033) for __rt_lib_init_return
    libinit.o(.ARM.Collect$$libinit$$00000000) refers (Special) to libinit2.o(.ARM.Collect$$libinit$$0000001D) for __rt_lib_init_signal_1
    libinit.o(.ARM.Collect$$libinit$$00000000) refers (Special) to libinit2.o(.ARM.Collect$$libinit$$00000025) for __rt_lib_init_stdio_1
    libinit.o(.ARM.Collect$$libinit$$00000000) refers (Special) to libinit2.o(.ARM.Collect$$libinit$$0000000C) for __rt_lib_init_user_alloc_1
    libspace.o(.text) refers to libspace.o(.bss) for __libspace_start
    rtexit.o(.ARM.Collect$$rtexit$$00000000) refers (Special) to rtexit2.o(.ARM.Collect$$rtexit$$00000004) for __rt_exit_exit
    rtexit.o(.ARM.Collect$$rtexit$$00000000) refers (Special) to rtexit2.o(.ARM.Collect$$rtexit$$00000003) for __rt_exit_ls
    rtexit.o(.ARM.Collect$$rtexit$$00000000) refers (Special) to rtexit2.o(.ARM.Collect$$rtexit$$00000002) for __rt_exit_prels_1
    rtexit.o(.ARM.exidx) refers (Special) to rtexit2.o(.ARM.Collect$$rtexit$$00000004) for __rt_exit_exit
    rtexit.o(.ARM.exidx) refers (Special) to rtexit2.o(.ARM.Collect$$rtexit$$00000003) for __rt_exit_ls
    rtexit.o(.ARM.exidx) refers (Special) to rtexit2.o(.ARM.Collect$$rtexit$$00000002) for __rt_exit_prels_1
    rtexit.o(.ARM.exidx) refers to rtexit.o(.ARM.Collect$$rtexit$$00000000) for .ARM.Collect$$rtexit$$00000000
    rt_raise.o(.text) refers to __raise.o(.text) for __raise
    rt_raise.o(.text) refers to sys_exit.o(.text) for _sys_exit
    defsig_exit.o(.text) refers to sys_exit.o(.text) for _sys_exit
    defsig_fpe_inner.o(.text) refers to defsig_general.o(.text) for __default_signal_display
    libinit2.o(.ARM.Collect$$libinit$$00000010) refers to libinit2.o(.ARM.Collect$$libinit$$0000000F) for .ARM.Collect$$libinit$$0000000F
    libinit2.o(.ARM.Collect$$libinit$$00000012) refers to libinit2.o(.ARM.Collect$$libinit$$0000000F) for .ARM.Collect$$libinit$$0000000F
    libinit2.o(.ARM.Collect$$libinit$$00000014) refers to libinit2.o(.ARM.Collect$$libinit$$0000000F) for .ARM.Collect$$libinit$$0000000F
    libinit2.o(.ARM.Collect$$libinit$$00000016) refers to libinit2.o(.ARM.Collect$$libinit$$0000000F) for .ARM.Collect$$libinit$$0000000F
    libinit2.o(.ARM.Collect$$libinit$$00000018) refers to libinit2.o(.ARM.Collect$$libinit$$0000000F) for .ARM.Collect$$libinit$$0000000F
    libinit2.o(.ARM.Collect$$libinit$$00000026) refers to argv_veneer.o(.text) for __ARM_argv_veneer
    libinit2.o(.ARM.Collect$$libinit$$00000027) refers to argv_veneer.o(.text) for __ARM_argv_veneer
    sys_exit.o(.text) refers (Special) to use_no_semi.o(.text) for __I$use$semihosting
    sys_exit.o(.text) refers (Special) to indicate_semi.o(.text) for __semihosting_library_function
    rtexit2.o(.ARM.Collect$$rtexit$$00000003) refers to libshutdown.o(.ARM.Collect$$libshutdown$$00000000) for __rt_lib_shutdown
    rtexit2.o(.ARM.Collect$$rtexit$$00000004) refers to sys_exit.o(.text) for _sys_exit
    rtexit2.o(.ARM.exidx) refers to rtexit2.o(.ARM.Collect$$rtexit$$00000001) for .ARM.Collect$$rtexit$$00000001
    rtexit2.o(.ARM.exidx) refers to rtexit2.o(.ARM.Collect$$rtexit$$00000003) for .ARM.Collect$$rtexit$$00000003
    rtexit2.o(.ARM.exidx) refers to rtexit2.o(.ARM.Collect$$rtexit$$00000004) for .ARM.Collect$$rtexit$$00000004
    __raise.o(.text) refers to defsig.o(CL$$defsig) for __default_signal_handler
    defsig_general.o(.text) refers to sys_wrch.o(.text) for _ttywrch
    sys_wrch.o(.text) refers (Special) to use_no_semi.o(.text) for __I$use$semihosting
    sys_wrch.o(.text) refers (Special) to indicate_semi.o(.text) for __semihosting_library_function
    defsig.o(CL$$defsig) refers to defsig_fpe_inner.o(.text) for __rt_SIGFPE_inner
    defsig.o(CL$$defsig) refers to defsig_rtmem_inner.o(.text) for __rt_SIGRTMEM_inner
    _get_argv_nomalloc.o(.text) refers (Special) to hrguard.o(.text) for __heap_region$guard
    _get_argv_nomalloc.o(.text) refers to defsig_rtmem_outer.o(.text) for __rt_SIGRTMEM
    _get_argv_nomalloc.o(.text) refers to sys_command.o(.text) for _sys_command_string
    libshutdown.o(.ARM.Collect$$libshutdown$$00000000) refers (Special) to libshutdown2.o(.ARM.Collect$$libshutdown$$00000002) for __rt_lib_shutdown_cpp_1
    libshutdown.o(.ARM.Collect$$libshutdown$$00000000) refers (Special) to libshutdown2.o(.ARM.Collect$$libshutdown$$00000007) for __rt_lib_shutdown_fp_trap_1
    libshutdown.o(.ARM.Collect$$libshutdown$$00000000) refers (Special) to libshutdown2.o(.ARM.Collect$$libshutdown$$0000000F) for __rt_lib_shutdown_heap_1
    libshutdown.o(.ARM.Collect$$libshutdown$$00000000) refers (Special) to libshutdown2.o(.ARM.Collect$$libshutdown$$00000010) for __rt_lib_shutdown_return
    libshutdown.o(.ARM.Collect$$libshutdown$$00000000) refers (Special) to libshutdown2.o(.ARM.Collect$$libshutdown$$0000000A) for __rt_lib_shutdown_signal_1
    libshutdown.o(.ARM.Collect$$libshutdown$$00000000) refers (Special) to libshutdown2.o(.ARM.Collect$$libshutdown$$00000004) for __rt_lib_shutdown_stdio_1
    libshutdown.o(.ARM.Collect$$libshutdown$$00000000) refers (Special) to libshutdown2.o(.ARM.Collect$$libshutdown$$0000000C) for __rt_lib_shutdown_user_alloc_1
    sys_command.o(.text) refers (Special) to use_no_semi.o(.text) for __I$use$semihosting
    sys_command.o(.text) refers (Special) to indicate_semi.o(.text) for __semihosting_library_function
    defsig_abrt_inner.o(.text) refers to defsig_general.o(.text) for __default_signal_display
    defsig_rtred_inner.o(.text) refers to defsig_general.o(.text) for __default_signal_display
    defsig_rtmem_inner.o(.text) refers to defsig_general.o(.text) for __default_signal_display
    defsig_rtmem_outer.o(.text) refers to defsig_rtmem_inner.o(.text) for __rt_SIGRTMEM_inner
    defsig_rtmem_outer.o(.text) refers to defsig_exit.o(.text) for __sig_exit
    defsig_rtmem_formal.o(.text) refers to rt_raise.o(.text) for __rt_raise
    defsig_stak_inner.o(.text) refers to defsig_general.o(.text) for __default_signal_display
    defsig_pvfn_inner.o(.text) refers to defsig_general.o(.text) for __default_signal_display
    defsig_cppl_inner.o(.text) refers to defsig_general.o(.text) for __default_signal_display
    defsig_segv_inner.o(.text) refers to defsig_general.o(.text) for __default_signal_display
    defsig_other.o(.text) refers to defsig_general.o(.text) for __default_signal_display


==============================================================================

Removing Unused input sections from the image.

    Removing adc_functions.o(.rev16_text), (4 bytes).
    Removing adc_functions.o(.revsh_text), (4 bytes).
    Removing calculations.o(.rev16_text), (4 bytes).
    Removing calculations.o(.revsh_text), (4 bytes).
    Removing dac_functions.o(.rev16_text), (4 bytes).
    Removing dac_functions.o(.revsh_text), (4 bytes).
    Removing dac_functions.o(i.Triangle_Output), (48 bytes).
    Removing debug_signals.o(.rev16_text), (4 bytes).
    Removing debug_signals.o(.revsh_text), (4 bytes).
    Removing interface_functions.o(.rev16_text), (4 bytes).
    Removing interface_functions.o(.revsh_text), (4 bytes).
    Removing lcd_functions.o(.rev16_text), (4 bytes).
    Removing lcd_functions.o(.revsh_text), (4 bytes).
    Removing lcd_functions.o(i.Exp), (24 bytes).
    Removing lcd_functions.o(i.binToHex), (84 bytes).
    Removing lcd_functions.o(i.bitParcer), (34 bytes).
    Removing lcd_functions.o(i.bitToHex), (46 bytes).
    Removing lcd_functions.o(i.ijSwap), (34 bytes).
    Removing lcd_lib_4bit_20b.o(.rev16_text), (4 bytes).
    Removing lcd_lib_4bit_20b.o(.revsh_text), (4 bytes).
    Removing leds.o(.rev16_text), (4 bytes).
    Removing leds.o(.revsh_text), (4 bytes).
    Removing main.o(.rev16_text), (4 bytes).
    Removing main.o(.revsh_text), (4 bytes).
    Removing pit_functions.o(.rev16_text), (4 bytes).
    Removing pit_functions.o(.revsh_text), (4 bytes).
    Removing recordings.o(.rev16_text), (4 bytes).
    Removing recordings.o(.revsh_text), (4 bytes).
    Removing startup_functions.o(.rev16_text), (4 bytes).
    Removing startup_functions.o(.revsh_text), (4 bytes).
    Removing switches.o(.rev16_text), (4 bytes).
    Removing switches.o(.revsh_text), (4 bytes).
    Removing system_mkl25z4.o(.rev16_text), (4 bytes).
    Removing system_mkl25z4.o(.revsh_text), (4 bytes).
    Removing system_mkl25z4.o(i.SystemCoreClockUpdate), (400 bytes).
    Removing system_mkl25z4.o(.data), (4 bytes).
    Removing system_mkl25z4.o(i.__ARM_common_switch8), (28 bytes).

37 unused section(s) (total 814 bytes) removed from the image.

==============================================================================

Image Symbol Table

    Local Symbols

    Symbol Name                              Value     Ov Type        Size  Object(Section)

    RESET                                    0x00000000   Section      192  startup_mkl25z4.o(RESET)
    ../clib/angel/boardlib.s                 0x00000000   Number         0  boardinit3.o ABSOLUTE
    ../clib/angel/boardlib.s                 0x00000000   Number         0  boardinit2.o ABSOLUTE
    ../clib/angel/boardlib.s                 0x00000000   Number         0  boardinit1.o ABSOLUTE
    ../clib/angel/boardlib.s                 0x00000000   Number         0  boardshut.o ABSOLUTE
    ../clib/angel/handlers.s                 0x00000000   Number         0  __scatter_zi.o ABSOLUTE
    ../clib/angel/handlers.s                 0x00000000   Number         0  __scatter_copy.o ABSOLUTE
    ../clib/angel/kernel.s                   0x00000000   Number         0  rtexit.o ABSOLUTE
    ../clib/angel/kernel.s                   0x00000000   Number         0  __rtentry4.o ABSOLUTE
    ../clib/angel/kernel.s                   0x00000000   Number         0  __rtentry2.o ABSOLUTE
    ../clib/angel/kernel.s                   0x00000000   Number         0  __rtentry.o ABSOLUTE
    ../clib/angel/kernel.s                   0x00000000   Number         0  rtexit2.o ABSOLUTE
    ../clib/angel/rt.s                       0x00000000   Number         0  rt_raise.o ABSOLUTE
    ../clib/angel/rt.s                       0x00000000   Number         0  rt_div0.o ABSOLUTE
    ../clib/angel/rt.s                       0x00000000   Number         0  aeabi_idiv0_sigfpe.o ABSOLUTE
    ../clib/angel/rt.s                       0x00000000   Number         0  aeabi_idiv0.o ABSOLUTE
    ../clib/angel/scatterp.s                 0x00000000   Number         0  __scatter.o ABSOLUTE
    ../clib/angel/startup.s                  0x00000000   Number         0  __main.o ABSOLUTE
    ../clib/angel/sys.s                      0x00000000   Number         0  libspace.o ABSOLUTE
    ../clib/angel/sys.s                      0x00000000   Number         0  sys_stackheap_outer.o ABSOLUTE
    ../clib/angel/sys.s                      0x00000000   Number         0  use_no_semi.o ABSOLUTE
    ../clib/angel/sys.s                      0x00000000   Number         0  tempstk.o ABSOLUTE
    ../clib/angel/sys.s                      0x00000000   Number         0  indicate_semi.o ABSOLUTE
    ../clib/angel/sysapp.c                   0x00000000   Number         0  sys_exit.o ABSOLUTE
    ../clib/angel/sysapp.c                   0x00000000   Number         0  sys_wrch.o ABSOLUTE
    ../clib/angel/sysapp.c                   0x00000000   Number         0  sys_command.o ABSOLUTE
    ../clib/armsys.c                         0x00000000   Number         0  argv_veneer.o ABSOLUTE
    ../clib/armsys.c                         0x00000000   Number         0  _get_argv_nomalloc.o ABSOLUTE
    ../clib/armsys.c                         0x00000000   Number         0  no_argv.o ABSOLUTE
    ../clib/division.s                       0x00000000   Number         0  aeabi_sdiv.o ABSOLUTE
    ../clib/division.s                       0x00000000   Number         0  aeabi_sdiv_div0.o ABSOLUTE
    ../clib/heapalloc.c                      0x00000000   Number         0  hrguard.o ABSOLUTE
    ../clib/heapaux.c                        0x00000000   Number         0  heapauxi.o ABSOLUTE
    ../clib/libinit.s                        0x00000000   Number         0  libinit.o ABSOLUTE
    ../clib/libinit.s                        0x00000000   Number         0  libshutdown.o ABSOLUTE
    ../clib/libinit.s                        0x00000000   Number         0  libinit2.o ABSOLUTE
    ../clib/libinit.s                        0x00000000   Number         0  libshutdown2.o ABSOLUTE
    ../clib/signal.c                         0x00000000   Number         0  defsig_fpe_formal.o ABSOLUTE
    ../clib/signal.c                         0x00000000   Number         0  defsig_fpe_outer.o ABSOLUTE
    ../clib/signal.c                         0x00000000   Number         0  defsig_cppl_inner.o ABSOLUTE
    ../clib/signal.c                         0x00000000   Number         0  defsig_other.o ABSOLUTE
    ../clib/signal.c                         0x00000000   Number         0  defsig_segv_inner.o ABSOLUTE
    ../clib/signal.c                         0x00000000   Number         0  defsig_abrt_inner.o ABSOLUTE
    ../clib/signal.c                         0x00000000   Number         0  defsig_pvfn_inner.o ABSOLUTE
    ../clib/signal.c                         0x00000000   Number         0  defsig_stak_inner.o ABSOLUTE
    ../clib/signal.c                         0x00000000   Number         0  defsig_rtmem_formal.o ABSOLUTE
    ../clib/signal.c                         0x00000000   Number         0  defsig_rtmem_outer.o ABSOLUTE
    ../clib/signal.c                         0x00000000   Number         0  defsig_rtmem_inner.o ABSOLUTE
    ../clib/signal.c                         0x00000000   Number         0  defsig_rtred_inner.o ABSOLUTE
    ../clib/signal.c                         0x00000000   Number         0  defsig_general.o ABSOLUTE
    ../clib/signal.c                         0x00000000   Number         0  __raise.o ABSOLUTE
    ../clib/signal.c                         0x00000000   Number         0  defsig_fpe_inner.o ABSOLUTE
    ../clib/signal.c                         0x00000000   Number         0  defsig_exit.o ABSOLUTE
    ../clib/signal.s                         0x00000000   Number         0  defsig.o ABSOLUTE
    ../clib/stdlib.c                         0x00000000   Number         0  exit.o ABSOLUTE
    ../fplib/cfplib/dmul.c                   0x00000000   Number         0  dmul.o ABSOLUTE
    ../fplib/cfplib/ffix.c                   0x00000000   Number         0  dfixui.o ABSOLUTE
    ../fplib/cfplib/fflt.c                   0x00000000   Number         0  dflti.o ABSOLUTE
    ../fplib/cfplib/fpinit.c                 0x00000000   Number         0  fpinit.o ABSOLUTE
    ../fplib/usenofp.s                       0x00000000   Number         0  usenofp.o ABSOLUTE
    RTE\Device\MKL25Z128xxx4\startup_MKL25Z4.s 0x00000000   Number         0  startup_mkl25z4.o ABSOLUTE
    RTE\Device\MKL25Z128xxx4\system_MKL25Z4.c 0x00000000   Number         0  system_mkl25z4.o ABSOLUTE
    RTE\\Device\\MKL25Z128xxx4\\system_MKL25Z4.c 0x00000000   Number         0  system_mkl25z4.o ABSOLUTE
    code files\ADC_Functions.c               0x00000000   Number         0  adc_functions.o ABSOLUTE
    code files\Calculations.c                0x00000000   Number         0  calculations.o ABSOLUTE
    code files\DAC_Functions.c               0x00000000   Number         0  dac_functions.o ABSOLUTE
    code files\Interface_functions.c         0x00000000   Number         0  interface_functions.o ABSOLUTE
    code files\LCD_Functions.c               0x00000000   Number         0  lcd_functions.o ABSOLUTE
    code files\LEDs.c                        0x00000000   Number         0  leds.o ABSOLUTE
    code files\Pit_Functions.c               0x00000000   Number         0  pit_functions.o ABSOLUTE
    code files\Recordings.c                  0x00000000   Number         0  recordings.o ABSOLUTE
    code files\StartUp_Functions.c           0x00000000   Number         0  startup_functions.o ABSOLUTE
    code files\\ADC_Functions.c              0x00000000   Number         0  adc_functions.o ABSOLUTE
    code files\\Calculations.c               0x00000000   Number         0  calculations.o ABSOLUTE
    code files\\DAC_Functions.c              0x00000000   Number         0  dac_functions.o ABSOLUTE
    code files\\Interface_functions.c        0x00000000   Number         0  interface_functions.o ABSOLUTE
    code files\\LCD_Functions.c              0x00000000   Number         0  lcd_functions.o ABSOLUTE
    code files\\LEDs.c                       0x00000000   Number         0  leds.o ABSOLUTE
    code files\\Pit_Functions.c              0x00000000   Number         0  pit_functions.o ABSOLUTE
    code files\\Recordings.c                 0x00000000   Number         0  recordings.o ABSOLUTE
    code files\\StartUp_Functions.c          0x00000000   Number         0  startup_functions.o ABSOLUTE
    code files\\debug_signals.c              0x00000000   Number         0  debug_signals.o ABSOLUTE
    code files\\lcd_lib_4bit_20b.c           0x00000000   Number         0  lcd_lib_4bit_20b.o ABSOLUTE
    code files\\main.c                       0x00000000   Number         0  main.o ABSOLUTE
    code files\\switches.c                   0x00000000   Number         0  switches.o ABSOLUTE
    code files\debug_signals.c               0x00000000   Number         0  debug_signals.o ABSOLUTE
    code files\lcd_lib_4bit_20b.c            0x00000000   Number         0  lcd_lib_4bit_20b.o ABSOLUTE
    code files\main.c                        0x00000000   Number         0  main.o ABSOLUTE
    code files\switches.c                    0x00000000   Number         0  switches.o ABSOLUTE
    dc.s                                     0x00000000   Number         0  dc.o ABSOLUTE
    !!!main                                  0x000000c0   Section        8  __main.o(!!!main)
    !!!scatter                               0x000000c8   Section       60  __scatter.o(!!!scatter)
    !!handler_copy                           0x00000104   Section       26  __scatter_copy.o(!!handler_copy)
    !!handler_zi                             0x00000120   Section       28  __scatter_zi.o(!!handler_zi)
    .ARM.Collect$$libinit$$00000000          0x0000013c   Section        2  libinit.o(.ARM.Collect$$libinit$$00000000)
    .ARM.Collect$$libinit$$00000002          0x0000013e   Section        0  libinit2.o(.ARM.Collect$$libinit$$00000002)
    .ARM.Collect$$libinit$$00000004          0x0000013e   Section        0  libinit2.o(.ARM.Collect$$libinit$$00000004)
    .ARM.Collect$$libinit$$0000000A          0x0000013e   Section        0  libinit2.o(.ARM.Collect$$libinit$$0000000A)
    .ARM.Collect$$libinit$$0000000C          0x0000013e   Section        0  libinit2.o(.ARM.Collect$$libinit$$0000000C)
    .ARM.Collect$$libinit$$0000000E          0x0000013e   Section        0  libinit2.o(.ARM.Collect$$libinit$$0000000E)
    .ARM.Collect$$libinit$$00000011          0x0000013e   Section        0  libinit2.o(.ARM.Collect$$libinit$$00000011)
    .ARM.Collect$$libinit$$00000013          0x0000013e   Section        0  libinit2.o(.ARM.Collect$$libinit$$00000013)
    .ARM.Collect$$libinit$$00000015          0x0000013e   Section        0  libinit2.o(.ARM.Collect$$libinit$$00000015)
    .ARM.Collect$$libinit$$00000017          0x0000013e   Section        0  libinit2.o(.ARM.Collect$$libinit$$00000017)
    .ARM.Collect$$libinit$$00000019          0x0000013e   Section        0  libinit2.o(.ARM.Collect$$libinit$$00000019)
    .ARM.Collect$$libinit$$0000001B          0x0000013e   Section        0  libinit2.o(.ARM.Collect$$libinit$$0000001B)
    .ARM.Collect$$libinit$$0000001D          0x0000013e   Section        0  libinit2.o(.ARM.Collect$$libinit$$0000001D)
    .ARM.Collect$$libinit$$0000001F          0x0000013e   Section        0  libinit2.o(.ARM.Collect$$libinit$$0000001F)
    .ARM.Collect$$libinit$$00000021          0x0000013e   Section        0  libinit2.o(.ARM.Collect$$libinit$$00000021)
    .ARM.Collect$$libinit$$00000023          0x0000013e   Section        0  libinit2.o(.ARM.Collect$$libinit$$00000023)
    .ARM.Collect$$libinit$$00000025          0x0000013e   Section        0  libinit2.o(.ARM.Collect$$libinit$$00000025)
    .ARM.Collect$$libinit$$0000002C          0x0000013e   Section        0  libinit2.o(.ARM.Collect$$libinit$$0000002C)
    .ARM.Collect$$libinit$$0000002E          0x0000013e   Section        0  libinit2.o(.ARM.Collect$$libinit$$0000002E)
    .ARM.Collect$$libinit$$00000030          0x0000013e   Section        0  libinit2.o(.ARM.Collect$$libinit$$00000030)
    .ARM.Collect$$libinit$$00000032          0x0000013e   Section        0  libinit2.o(.ARM.Collect$$libinit$$00000032)
    .ARM.Collect$$libinit$$00000033          0x0000013e   Section        2  libinit2.o(.ARM.Collect$$libinit$$00000033)
    .ARM.Collect$$libshutdown$$00000000      0x00000140   Section        2  libshutdown.o(.ARM.Collect$$libshutdown$$00000000)
    .ARM.Collect$$libshutdown$$00000002      0x00000142   Section        0  libshutdown2.o(.ARM.Collect$$libshutdown$$00000002)
    .ARM.Collect$$libshutdown$$00000004      0x00000142   Section        0  libshutdown2.o(.ARM.Collect$$libshutdown$$00000004)
    .ARM.Collect$$libshutdown$$00000007      0x00000142   Section        0  libshutdown2.o(.ARM.Collect$$libshutdown$$00000007)
    .ARM.Collect$$libshutdown$$0000000A      0x00000142   Section        0  libshutdown2.o(.ARM.Collect$$libshutdown$$0000000A)
    .ARM.Collect$$libshutdown$$0000000C      0x00000142   Section        0  libshutdown2.o(.ARM.Collect$$libshutdown$$0000000C)
    .ARM.Collect$$libshutdown$$0000000F      0x00000142   Section        0  libshutdown2.o(.ARM.Collect$$libshutdown$$0000000F)
    .ARM.Collect$$libshutdown$$00000010      0x00000142   Section        2  libshutdown2.o(.ARM.Collect$$libshutdown$$00000010)
    .ARM.Collect$$rtentry$$00000000          0x00000144   Section        0  __rtentry.o(.ARM.Collect$$rtentry$$00000000)
    .ARM.Collect$$rtentry$$00000002          0x00000144   Section        0  __rtentry2.o(.ARM.Collect$$rtentry$$00000002)
    .ARM.Collect$$rtentry$$00000004          0x00000144   Section        6  __rtentry4.o(.ARM.Collect$$rtentry$$00000004)
    .ARM.Collect$$rtentry$$00000009          0x0000014a   Section        0  __rtentry2.o(.ARM.Collect$$rtentry$$00000009)
    .ARM.Collect$$rtentry$$0000000A          0x0000014a   Section        4  __rtentry2.o(.ARM.Collect$$rtentry$$0000000A)
    .ARM.Collect$$rtentry$$0000000C          0x0000014e   Section        0  __rtentry2.o(.ARM.Collect$$rtentry$$0000000C)
    .ARM.Collect$$rtentry$$0000000D          0x0000014e   Section        8  __rtentry2.o(.ARM.Collect$$rtentry$$0000000D)
    .ARM.Collect$$rtexit$$00000000           0x00000156   Section        2  rtexit.o(.ARM.Collect$$rtexit$$00000000)
    .ARM.Collect$$rtexit$$00000002           0x00000158   Section        0  rtexit2.o(.ARM.Collect$$rtexit$$00000002)
    .ARM.Collect$$rtexit$$00000003           0x00000158   Section        4  rtexit2.o(.ARM.Collect$$rtexit$$00000003)
    .ARM.Collect$$rtexit$$00000004           0x0000015c   Section        6  rtexit2.o(.ARM.Collect$$rtexit$$00000004)
    .text                                    0x00000164   Section       64  startup_mkl25z4.o(.text)
    .text                                    0x000001a4   Section      346  aeabi_sdiv.o(.text)
    .text                                    0x000002fe   Section        0  heapauxi.o(.text)
    .text                                    0x00000304   Section        0  dfixui.o(.text)
    .text                                    0x0000034c   Section        0  dflti.o(.text)
    .text                                    0x000003a4   Section       62  sys_stackheap_outer.o(.text)
    .text                                    0x000003e2   Section        0  exit.o(.text)
    .text                                    0x000003f4   Section        8  libspace.o(.text)
    .text                                    0x000003fc   Section        2  use_no_semi.o(.text)
    .text                                    0x000003fe   Section        0  indicate_semi.o(.text)
    x$fpl$usenofp                            0x000003fe   Section        0  usenofp.o(x$fpl$usenofp)
    .ARM.__at_0x400                          0x00000400   Section       16  startup_mkl25z4.o(.ARM.__at_0x400)
    .text                                    0x00000410   Section        0  dmul.o(.text)
    .text                                    0x00000658   Section        0  sys_exit.o(.text)
    i.ADC0_IRQHandler                        0x00000664   Section        0  adc_functions.o(i.ADC0_IRQHandler)
    i.CalculateBPM                           0x000007e0   Section        0  calculations.o(i.CalculateBPM)
    i.ChangeSampleRate                       0x000007e8   Section        0  calculations.o(i.ChangeSampleRate)
    i.FindHighThresh                         0x00000858   Section        0  calculations.o(i.FindHighThresh)
    i.FindLowThresh                          0x0000087c   Section        0  calculations.o(i.FindLowThresh)
    i.FindMax                                0x000008a4   Section        0  calculations.o(i.FindMax)
    i.FindMin                                0x000008cc   Section        0  calculations.o(i.FindMin)
    i.GetBeats                               0x000008f4   Section        0  adc_functions.o(i.GetBeats)
    i.Init_ADC                               0x00000904   Section        0  adc_functions.o(i.Init_ADC)
    i.Init_DAC                               0x00000a3c   Section        0  dac_functions.o(i.Init_DAC)
    i.Init_PIT0                              0x00000a88   Section        0  pit_functions.o(i.Init_PIT0)
    i.Init_PIT1                              0x00000ad0   Section        0  pit_functions.o(i.Init_PIT1)
    i.Init_TPM1                              0x00000b50   Section        0  startup_functions.o(i.Init_TPM1)
    i.Input                                  0x00000bc4   Section        0  interface_functions.o(i.Input)
    i.LCD_command                            0x00000ccc   Section        0  lcd_lib_4bit_20b.o(i.LCD_command)
    i.LCD_init                               0x00000d14   Section        0  lcd_lib_4bit_20b.o(i.LCD_init)
    i.LCD_send_data                          0x00000e04   Section        0  lcd_lib_4bit_20b.o(i.LCD_send_data)
    i.MoveCursor                             0x00000e3c   Section        0  interface_functions.o(i.MoveCursor)
    i.PIT_IRQHandler                         0x00000ec0   Section        0  pit_functions.o(i.PIT_IRQHandler)
    i.PORTA_IRQHandler                       0x00000f20   Section        0  switches.o(i.PORTA_IRQHandler)
    i.RateConverter                          0x00000f98   Section        0  interface_functions.o(i.RateConverter)
    i.ReferenceWave                          0x00001230   Section        0  calculations.o(i.ReferenceWave)
    i.ResetThresh                            0x00001244   Section        0  adc_functions.o(i.ResetThresh)
    i.SelectFile                             0x00001250   Section        0  interface_functions.o(i.SelectFile)
    i.StartRecording                         0x000012bc   Section        0  adc_functions.o(i.StartRecording)
    i.Start_PIT                              0x000012dc   Section        0  pit_functions.o(i.Start_PIT)
    i.StopRecording                          0x000012f8   Section        0  adc_functions.o(i.StopRecording)
    i.Stop_PIT                               0x00001304   Section        0  pit_functions.o(i.Stop_PIT)
    i.SystemInit                             0x00001320   Section        0  system_mkl25z4.o(i.SystemInit)
    i.UpdateBPM                              0x00001458   Section        0  interface_functions.o(i.UpdateBPM)
    i.UpdateMenu                             0x000014d4   Section        0  interface_functions.o(i.UpdateMenu)
    i.UpdateSampleRate                       0x000014e4   Section        0  interface_functions.o(i.UpdateSampleRate)
    i.__NVIC_ClearPendingIRQ                 0x00001504   Section        0  adc_functions.o(i.__NVIC_ClearPendingIRQ)
    __NVIC_ClearPendingIRQ                   0x00001505   Thumb Code    18  adc_functions.o(i.__NVIC_ClearPendingIRQ)
    i.__NVIC_ClearPendingIRQ                 0x0000151c   Section        0  pit_functions.o(i.__NVIC_ClearPendingIRQ)
    __NVIC_ClearPendingIRQ                   0x0000151d   Thumb Code    18  pit_functions.o(i.__NVIC_ClearPendingIRQ)
    i.__NVIC_ClearPendingIRQ                 0x00001534   Section        0  switches.o(i.__NVIC_ClearPendingIRQ)
    __NVIC_ClearPendingIRQ                   0x00001535   Thumb Code    18  switches.o(i.__NVIC_ClearPendingIRQ)
    i.__NVIC_SetPriority                     0x0000154c   Section        0  adc_functions.o(i.__NVIC_SetPriority)
    __NVIC_SetPriority                       0x0000154d   Thumb Code   110  adc_functions.o(i.__NVIC_SetPriority)
    i.__NVIC_SetPriority                     0x000015c4   Section        0  pit_functions.o(i.__NVIC_SetPriority)
    __NVIC_SetPriority                       0x000015c5   Thumb Code   110  pit_functions.o(i.__NVIC_SetPriority)
    i.__NVIC_SetPriority                     0x0000163c   Section        0  switches.o(i.__NVIC_SetPriority)
    __NVIC_SetPriority                       0x0000163d   Thumb Code   110  switches.o(i.__NVIC_SetPriority)
    i.control_LEDs                           0x000016b4   Section        0  leds.o(i.control_LEDs)
    i.delayMs                                0x000016e8   Section        0  lcd_lib_4bit_20b.o(i.delayMs)
    i.displayString                          0x00001704   Section        0  lcd_functions.o(i.displayString)
    i.init_All                               0x00001720   Section        0  startup_functions.o(i.init_All)
    i.init_LEDs                              0x000017b0   Section        0  leds.o(i.init_LEDs)
    i.init_Menu                              0x00001828   Section        0  interface_functions.o(i.init_Menu)
    i.init_SampleRate                        0x000018b0   Section        0  calculations.o(i.init_SampleRate)
    i.init_Switch                            0x000018bc   Section        0  switches.o(i.init_Switch)
    i.init_UI                                0x00001970   Section        0  interface_functions.o(i.init_UI)
    i.init_debug_signals                     0x000019b8   Section        0  debug_signals.o(i.init_debug_signals)
    i.main                                   0x00001a04   Section        0  main.o(i.main)
    i.pulse_the_LCD_enable                   0x00001a38   Section        0  lcd_lib_4bit_20b.o(i.pulse_the_LCD_enable)
    i.recordFile1                            0x00001a54   Section        0  recordings.o(i.recordFile1)
    i.recordFile2                            0x00001a60   Section        0  recordings.o(i.recordFile2)
    i.sendToDAC                              0x00001a6c   Section        0  recordings.o(i.sendToDAC)
    i.toggle_LEDs                            0x00001ae0   Section        0  leds.o(i.toggle_LEDs)
    .constdata                               0x00001b00   Section      152  calculations.o(.constdata)
    .data                                    0x1ffff000   Section       36  adc_functions.o(.data)
    .data                                    0x1ffff024   Section        4  calculations.o(.data)
    .data                                    0x1ffff028   Section       16  interface_functions.o(.data)
    .bss                                     0x1ffff038   Section     4000  calculations.o(.bss)
    .bss                                     0x1fffffd8   Section      128  interface_functions.o(.bss)
    .bss                                     0x20000058   Section     8000  recordings.o(.bss)
    .bss                                     0x20001f98   Section       96  libspace.o(.bss)
    HEAP                                     0x20001ff8   Section        0  startup_mkl25z4.o(HEAP)
    STACK                                    0x20001ff8   Section      256  startup_mkl25z4.o(STACK)
    Heap_Mem                                 0x20001ff8   Data           0  startup_mkl25z4.o(HEAP)
    Stack_Mem                                0x20001ff8   Data         256  startup_mkl25z4.o(STACK)
    __initial_sp                             0x200020f8   Data           0  startup_mkl25z4.o(STACK)

    Global Symbols

    Symbol Name                              Value     Ov Type        Size  Object(Section)

    BuildAttributes$$THM_ISAv3M$S$PE$A:L22$X:L11$S22$IEEE1$IW$USESV6$~STKCKD$USESV7$~SHL$OSPACE$ROPI$EBA8$UX$STANDARDLIB$REQ8$PRES8$EABIv2 0x00000000   Number         0  anon$$obj.o ABSOLUTE
    __ARM_use_no_argv                        0x00000000   Number         0  main.o ABSOLUTE
    __Vectors                                0x00000000   Data           4  startup_mkl25z4.o(RESET)
    __ARM_exceptions_init                     - Undefined Weak Reference
    __alloca_initialize                       - Undefined Weak Reference
    __arm_preinit_                            - Undefined Weak Reference
    __cpp_initialize__aeabi_                  - Undefined Weak Reference
    __cxa_finalize                            - Undefined Weak Reference
    __rt_locale                               - Undefined Weak Reference
    __sigvec_lookup                           - Undefined Weak Reference
    _atexit_init                              - Undefined Weak Reference
    _call_atexit_fns                          - Undefined Weak Reference
    _clock_init                               - Undefined Weak Reference
    _fp_trap_init                             - Undefined Weak Reference
    _fp_trap_shutdown                         - Undefined Weak Reference
    _get_lc_collate                           - Undefined Weak Reference
    _get_lc_ctype                             - Undefined Weak Reference
    _get_lc_monetary                          - Undefined Weak Reference
    _get_lc_numeric                           - Undefined Weak Reference
    _get_lc_time                              - Undefined Weak Reference
    _getenv_init                              - Undefined Weak Reference
    _handle_redirection                       - Undefined Weak Reference
    _init_alloc                               - Undefined Weak Reference
    _init_user_alloc                          - Undefined Weak Reference
    _initio                                   - Undefined Weak Reference
    _rand_init                                - Undefined Weak Reference
    _signal_finish                            - Undefined Weak Reference
    _signal_init                              - Undefined Weak Reference
    _terminate_alloc                          - Undefined Weak Reference
    _terminate_user_alloc                     - Undefined Weak Reference
    _terminateio                              - Undefined Weak Reference
    __Vectors_End                            0x000000c0   Data           0  startup_mkl25z4.o(RESET)
    __Vectors_Size                           0x000000c0   Number         0  startup_mkl25z4.o ABSOLUTE
    __main                                   0x000000c1   Thumb Code     8  __main.o(!!!main)
    __scatterload                            0x000000c9   Thumb Code     0  __scatter.o(!!!scatter)
    __scatterload_rt2                        0x000000c9   Thumb Code    52  __scatter.o(!!!scatter)
    __scatterload_rt2_thumb_only             0x000000c9   Thumb Code     0  __scatter.o(!!!scatter)
    __scatterload_null                       0x000000d9   Thumb Code     0  __scatter.o(!!!scatter)
    __scatterload_copy                       0x00000105   Thumb Code    26  __scatter_copy.o(!!handler_copy)
    __scatterload_zeroinit                   0x00000121   Thumb Code    28  __scatter_zi.o(!!handler_zi)
    __rt_lib_init                            0x0000013d   Thumb Code     0  libinit.o(.ARM.Collect$$libinit$$00000000)
    __rt_lib_init_alloca_1                   0x0000013f   Thumb Code     0  libinit2.o(.ARM.Collect$$libinit$$0000002E)
    __rt_lib_init_argv_1                     0x0000013f   Thumb Code     0  libinit2.o(.ARM.Collect$$libinit$$0000002C)
    __rt_lib_init_atexit_1                   0x0000013f   Thumb Code     0  libinit2.o(.ARM.Collect$$libinit$$0000001B)
    __rt_lib_init_clock_1                    0x0000013f   Thumb Code     0  libinit2.o(.ARM.Collect$$libinit$$00000021)
    __rt_lib_init_cpp_1                      0x0000013f   Thumb Code     0  libinit2.o(.ARM.Collect$$libinit$$00000032)
    __rt_lib_init_exceptions_1               0x0000013f   Thumb Code     0  libinit2.o(.ARM.Collect$$libinit$$00000030)
    __rt_lib_init_fp_1                       0x0000013f   Thumb Code     0  libinit2.o(.ARM.Collect$$libinit$$00000002)
    __rt_lib_init_fp_trap_1                  0x0000013f   Thumb Code     0  libinit2.o(.ARM.Collect$$libinit$$0000001F)
    __rt_lib_init_getenv_1                   0x0000013f   Thumb Code     0  libinit2.o(.ARM.Collect$$libinit$$00000023)
    __rt_lib_init_heap_1                     0x0000013f   Thumb Code     0  libinit2.o(.ARM.Collect$$libinit$$0000000A)
    __rt_lib_init_lc_collate_1               0x0000013f   Thumb Code     0  libinit2.o(.ARM.Collect$$libinit$$00000011)
    __rt_lib_init_lc_ctype_1                 0x0000013f   Thumb Code     0  libinit2.o(.ARM.Collect$$libinit$$00000013)
    __rt_lib_init_lc_monetary_1              0x0000013f   Thumb Code     0  libinit2.o(.ARM.Collect$$libinit$$00000015)
    __rt_lib_init_lc_numeric_1               0x0000013f   Thumb Code     0  libinit2.o(.ARM.Collect$$libinit$$00000017)
    __rt_lib_init_lc_time_1                  0x0000013f   Thumb Code     0  libinit2.o(.ARM.Collect$$libinit$$00000019)
    __rt_lib_init_preinit_1                  0x0000013f   Thumb Code     0  libinit2.o(.ARM.Collect$$libinit$$00000004)
    __rt_lib_init_rand_1                     0x0000013f   Thumb Code     0  libinit2.o(.ARM.Collect$$libinit$$0000000E)
    __rt_lib_init_return                     0x0000013f   Thumb Code     0  libinit2.o(.ARM.Collect$$libinit$$00000033)
    __rt_lib_init_signal_1                   0x0000013f   Thumb Code     0  libinit2.o(.ARM.Collect$$libinit$$0000001D)
    __rt_lib_init_stdio_1                    0x0000013f   Thumb Code     0  libinit2.o(.ARM.Collect$$libinit$$00000025)
    __rt_lib_init_user_alloc_1               0x0000013f   Thumb Code     0  libinit2.o(.ARM.Collect$$libinit$$0000000C)
    __rt_lib_shutdown                        0x00000141   Thumb Code     0  libshutdown.o(.ARM.Collect$$libshutdown$$00000000)
    __rt_lib_shutdown_cpp_1                  0x00000143   Thumb Code     0  libshutdown2.o(.ARM.Collect$$libshutdown$$00000002)
    __rt_lib_shutdown_fp_trap_1              0x00000143   Thumb Code     0  libshutdown2.o(.ARM.Collect$$libshutdown$$00000007)
    __rt_lib_shutdown_heap_1                 0x00000143   Thumb Code     0  libshutdown2.o(.ARM.Collect$$libshutdown$$0000000F)
    __rt_lib_shutdown_return                 0x00000143   Thumb Code     0  libshutdown2.o(.ARM.Collect$$libshutdown$$00000010)
    __rt_lib_shutdown_signal_1               0x00000143   Thumb Code     0  libshutdown2.o(.ARM.Collect$$libshutdown$$0000000A)
    __rt_lib_shutdown_stdio_1                0x00000143   Thumb Code     0  libshutdown2.o(.ARM.Collect$$libshutdown$$00000004)
    __rt_lib_shutdown_user_alloc_1           0x00000143   Thumb Code     0  libshutdown2.o(.ARM.Collect$$libshutdown$$0000000C)
    __rt_entry                               0x00000145   Thumb Code     0  __rtentry.o(.ARM.Collect$$rtentry$$00000000)
    __rt_entry_presh_1                       0x00000145   Thumb Code     0  __rtentry2.o(.ARM.Collect$$rtentry$$00000002)
    __rt_entry_sh                            0x00000145   Thumb Code     0  __rtentry4.o(.ARM.Collect$$rtentry$$00000004)
    __rt_entry_li                            0x0000014b   Thumb Code     0  __rtentry2.o(.ARM.Collect$$rtentry$$0000000A)
    __rt_entry_postsh_1                      0x0000014b   Thumb Code     0  __rtentry2.o(.ARM.Collect$$rtentry$$00000009)
    __rt_entry_main                          0x0000014f   Thumb Code     0  __rtentry2.o(.ARM.Collect$$rtentry$$0000000D)
    __rt_entry_postli_1                      0x0000014f   Thumb Code     0  __rtentry2.o(.ARM.Collect$$rtentry$$0000000C)
    __rt_exit                                0x00000157   Thumb Code     0  rtexit.o(.ARM.Collect$$rtexit$$00000000)
    __rt_exit_ls                             0x00000159   Thumb Code     0  rtexit2.o(.ARM.Collect$$rtexit$$00000003)
    __rt_exit_prels_1                        0x00000159   Thumb Code     0  rtexit2.o(.ARM.Collect$$rtexit$$00000002)
    __rt_exit_exit                           0x0000015d   Thumb Code     0  rtexit2.o(.ARM.Collect$$rtexit$$00000004)
    Reset_Handler                            0x00000165   Thumb Code    12  startup_mkl25z4.o(.text)
    NMI_Handler                              0x00000171   Thumb Code     2  startup_mkl25z4.o(.text)
    HardFault_Handler                        0x00000173   Thumb Code     2  startup_mkl25z4.o(.text)
    SVC_Handler                              0x00000175   Thumb Code     2  startup_mkl25z4.o(.text)
    PendSV_Handler                           0x00000177   Thumb Code     2  startup_mkl25z4.o(.text)
    SysTick_Handler                          0x00000179   Thumb Code     2  startup_mkl25z4.o(.text)
    CMP0_IRQHandler                          0x0000017b   Thumb Code     0  startup_mkl25z4.o(.text)
    DAC0_IRQHandler                          0x0000017b   Thumb Code     0  startup_mkl25z4.o(.text)
    DMA0_IRQHandler                          0x0000017b   Thumb Code     0  startup_mkl25z4.o(.text)
    DMA1_IRQHandler                          0x0000017b   Thumb Code     0  startup_mkl25z4.o(.text)
    DMA2_IRQHandler                          0x0000017b   Thumb Code     0  startup_mkl25z4.o(.text)
    DMA3_IRQHandler                          0x0000017b   Thumb Code     0  startup_mkl25z4.o(.text)
    DefaultISR                               0x0000017b   Thumb Code     0  startup_mkl25z4.o(.text)
    FTFA_IRQHandler                          0x0000017b   Thumb Code     0  startup_mkl25z4.o(.text)
    I2C0_IRQHandler                          0x0000017b   Thumb Code     0  startup_mkl25z4.o(.text)
    I2C1_IRQHandler                          0x0000017b   Thumb Code     0  startup_mkl25z4.o(.text)
    LLWU_IRQHandler                          0x0000017b   Thumb Code     0  startup_mkl25z4.o(.text)
    LPTMR0_IRQHandler                        0x0000017b   Thumb Code     0  startup_mkl25z4.o(.text)
    LVD_LVW_IRQHandler                       0x0000017b   Thumb Code     0  startup_mkl25z4.o(.text)
    MCG_IRQHandler                           0x0000017b   Thumb Code     0  startup_mkl25z4.o(.text)
    PORTD_IRQHandler                         0x0000017b   Thumb Code     0  startup_mkl25z4.o(.text)
    RTC_IRQHandler                           0x0000017b   Thumb Code     0  startup_mkl25z4.o(.text)
    RTC_Seconds_IRQHandler                   0x0000017b   Thumb Code     0  startup_mkl25z4.o(.text)
    Reserved20_IRQHandler                    0x0000017b   Thumb Code     0  startup_mkl25z4.o(.text)
    Reserved39_IRQHandler                    0x0000017b   Thumb Code     0  startup_mkl25z4.o(.text)
    Reserved45_IRQHandler                    0x0000017b   Thumb Code     0  startup_mkl25z4.o(.text)
    SPI0_IRQHandler                          0x0000017b   Thumb Code     0  startup_mkl25z4.o(.text)
    SPI1_IRQHandler                          0x0000017b   Thumb Code     0  startup_mkl25z4.o(.text)
    TPM0_IRQHandler                          0x0000017b   Thumb Code     0  startup_mkl25z4.o(.text)
    TPM1_IRQHandler                          0x0000017b   Thumb Code     0  startup_mkl25z4.o(.text)
    TPM2_IRQHandler                          0x0000017b   Thumb Code     0  startup_mkl25z4.o(.text)
    TSI0_IRQHandler                          0x0000017b   Thumb Code     0  startup_mkl25z4.o(.text)
    UART0_IRQHandler                         0x0000017b   Thumb Code     0  startup_mkl25z4.o(.text)
    UART1_IRQHandler                         0x0000017b   Thumb Code     0  startup_mkl25z4.o(.text)
    UART2_IRQHandler                         0x0000017b   Thumb Code     0  startup_mkl25z4.o(.text)
    USB0_IRQHandler                          0x0000017b   Thumb Code     0  startup_mkl25z4.o(.text)
    __user_initial_stackheap                 0x00000181   Thumb Code     0  startup_mkl25z4.o(.text)
    __aeabi_uidiv                            0x000001a5   Thumb Code     0  aeabi_sdiv.o(.text)
    __aeabi_uidivmod                         0x000001a5   Thumb Code    20  aeabi_sdiv.o(.text)
    __aeabi_idiv                             0x000001b9   Thumb Code     0  aeabi_sdiv.o(.text)
    __aeabi_idivmod                          0x000001b9   Thumb Code   326  aeabi_sdiv.o(.text)
    __use_two_region_memory                  0x000002ff   Thumb Code     2  heapauxi.o(.text)
    __rt_heap_escrow$2region                 0x00000301   Thumb Code     2  heapauxi.o(.text)
    __rt_heap_expand$2region                 0x00000303   Thumb Code     2  heapauxi.o(.text)
    __aeabi_d2uiz                            0x00000305   Thumb Code     0  dfixui.o(.text)
    _dfixu                                   0x00000305   Thumb Code    68  dfixui.o(.text)
    __aeabi_i2d_normalise                    0x0000034d   Thumb Code    66  dflti.o(.text)
    __aeabi_i2d                              0x0000038f   Thumb Code    16  dflti.o(.text)
    _dflt                                    0x0000038f   Thumb Code     0  dflti.o(.text)
    __aeabi_ui2d                             0x0000039f   Thumb Code     6  dflti.o(.text)
    _dfltu                                   0x0000039f   Thumb Code     0  dflti.o(.text)
    __user_setup_stackheap                   0x000003a5   Thumb Code    62  sys_stackheap_outer.o(.text)
    exit                                     0x000003e3   Thumb Code    16  exit.o(.text)
    __user_libspace                          0x000003f5   Thumb Code     8  libspace.o(.text)
    __user_perproc_libspace                  0x000003f5   Thumb Code     0  libspace.o(.text)
    __user_perthread_libspace                0x000003f5   Thumb Code     0  libspace.o(.text)
    __I$use$semihosting                      0x000003fd   Thumb Code     0  use_no_semi.o(.text)
    __use_no_semihosting_swi                 0x000003fd   Thumb Code     2  use_no_semi.o(.text)
    __I$use$fp                               0x000003fe   Number         0  usenofp.o(x$fpl$usenofp)
    __semihosting_library_function           0x000003ff   Thumb Code     0  indicate_semi.o(.text)
    __aeabi_dmul                             0x00000411   Thumb Code     0  dmul.o(.text)
    _dmul                                    0x00000411   Thumb Code   558  dmul.o(.text)
    _sys_exit                                0x00000659   Thumb Code     8  sys_exit.o(.text)
    ADC0_IRQHandler                          0x00000665   Thumb Code   334  adc_functions.o(i.ADC0_IRQHandler)
    CalculateBPM                             0x000007e1   Thumb Code     8  calculations.o(i.CalculateBPM)
    ChangeSampleRate                         0x000007e9   Thumb Code   104  calculations.o(i.ChangeSampleRate)
    FindHighThresh                           0x00000859   Thumb Code    32  calculations.o(i.FindHighThresh)
    FindLowThresh                            0x0000087d   Thumb Code    32  calculations.o(i.FindLowThresh)
    FindMax                                  0x000008a5   Thumb Code    34  calculations.o(i.FindMax)
    FindMin                                  0x000008cd   Thumb Code    36  calculations.o(i.FindMin)
    GetBeats                                 0x000008f5   Thumb Code    12  adc_functions.o(i.GetBeats)
    Init_ADC                                 0x00000905   Thumb Code   276  adc_functions.o(i.Init_ADC)
    Init_DAC                                 0x00000a3d   Thumb Code    62  dac_functions.o(i.Init_DAC)
    Init_PIT0                                0x00000a89   Thumb Code    60  pit_functions.o(i.Init_PIT0)
    Init_PIT1                                0x00000ad1   Thumb Code   110  pit_functions.o(i.Init_PIT1)
    Init_TPM1                                0x00000b51   Thumb Code   108  startup_functions.o(i.Init_TPM1)
    Input                                    0x00000bc5   Thumb Code   244  interface_functions.o(i.Input)
    LCD_command                              0x00000ccd   Thumb Code    66  lcd_lib_4bit_20b.o(i.LCD_command)
    LCD_init                                 0x00000d15   Thumb Code   226  lcd_lib_4bit_20b.o(i.LCD_init)
    LCD_send_data                            0x00000e05   Thumb Code    52  lcd_lib_4bit_20b.o(i.LCD_send_data)
    MoveCursor                               0x00000e3d   Thumb Code   122  interface_functions.o(i.MoveCursor)
    PIT_IRQHandler                           0x00000ec1   Thumb Code    88  pit_functions.o(i.PIT_IRQHandler)
    PORTA_IRQHandler                         0x00000f21   Thumb Code   110  switches.o(i.PORTA_IRQHandler)
    RateConverter                            0x00000f99   Thumb Code   662  interface_functions.o(i.RateConverter)
    ReferenceWave                            0x00001231   Thumb Code    16  calculations.o(i.ReferenceWave)
    ResetThresh                              0x00001245   Thumb Code     8  adc_functions.o(i.ResetThresh)
    SelectFile                               0x00001251   Thumb Code    92  interface_functions.o(i.SelectFile)
    StartRecording                           0x000012bd   Thumb Code    18  adc_functions.o(i.StartRecording)
    Start_PIT                                0x000012dd   Thumb Code    22  pit_functions.o(i.Start_PIT)
    StopRecording                            0x000012f9   Thumb Code     8  adc_functions.o(i.StopRecording)
    Stop_PIT                                 0x00001305   Thumb Code    22  pit_functions.o(i.Stop_PIT)
    SystemInit                               0x00001321   Thumb Code   266  system_mkl25z4.o(i.SystemInit)
    UpdateBPM                                0x00001459   Thumb Code   116  interface_functions.o(i.UpdateBPM)
    UpdateMenu                               0x000014d5   Thumb Code    14  interface_functions.o(i.UpdateMenu)
    UpdateSampleRate                         0x000014e5   Thumb Code    28  interface_functions.o(i.UpdateSampleRate)
    control_LEDs                             0x000016b5   Thumb Code    46  leds.o(i.control_LEDs)
    delayMs                                  0x000016e9   Thumb Code    24  lcd_lib_4bit_20b.o(i.delayMs)
    displayString                            0x00001705   Thumb Code    26  lcd_functions.o(i.displayString)
    init_All                                 0x00001721   Thumb Code   140  startup_functions.o(i.init_All)
    init_LEDs                                0x000017b1   Thumb Code   108  leds.o(i.init_LEDs)
    init_Menu                                0x00001829   Thumb Code   126  interface_functions.o(i.init_Menu)
    init_SampleRate                          0x000018b1   Thumb Code     8  calculations.o(i.init_SampleRate)
    init_Switch                              0x000018bd   Thumb Code   158  switches.o(i.init_Switch)
    init_UI                                  0x00001971   Thumb Code    52  interface_functions.o(i.init_UI)
    init_debug_signals                       0x000019b9   Thumb Code    64  debug_signals.o(i.init_debug_signals)
    main                                     0x00001a05   Thumb Code    46  main.o(i.main)
    pulse_the_LCD_enable                     0x00001a39   Thumb Code    22  lcd_lib_4bit_20b.o(i.pulse_the_LCD_enable)
    recordFile1                              0x00001a55   Thumb Code     8  recordings.o(i.recordFile1)
    recordFile2                              0x00001a61   Thumb Code     8  recordings.o(i.recordFile2)
    sendToDAC                                0x00001a6d   Thumb Code   100  recordings.o(i.sendToDAC)
    toggle_LEDs                              0x00001ae1   Thumb Code    26  leds.o(i.toggle_LEDs)
    sample_rate                              0x00001b00   Data         152  calculations.o(.constdata)
    Region$$Table$$Base                      0x00001b98   Number         0  anon$$obj.o(Region$$Table)
    Region$$Table$$Limit                     0x00001bb8   Number         0  anon$$obj.o(Region$$Table)
    refCount                                 0x1ffff000   Data           4  adc_functions.o(.data)
    risingFlag                               0x1ffff004   Data           4  adc_functions.o(.data)
    beatCount                                0x1ffff008   Data           4  adc_functions.o(.data)
    recordFlag                               0x1ffff00c   Data           4  adc_functions.o(.data)
    recordCount                              0x1ffff010   Data           4  adc_functions.o(.data)
    waveFile                                 0x1ffff014   Data           4  adc_functions.o(.data)
    magnitude                                0x1ffff018   Data           4  adc_functions.o(.data)
    Low                                      0x1ffff01c   Data           4  adc_functions.o(.data)
    High                                     0x1ffff020   Data           4  adc_functions.o(.data)
    currentRate                              0x1ffff024   Data           4  calculations.o(.data)
    Menu                                     0x1ffff028   Data           1  interface_functions.o(.data)
    currentFile                              0x1ffff02c   Data           4  interface_functions.o(.data)
    cursorPos                                0x1ffff030   Data           4  interface_functions.o(.data)
    SendFlag                                 0x1ffff034   Data           4  interface_functions.o(.data)
    refWave                                  0x1ffff038   Data        4000  calculations.o(.bss)
    Main_Menu                                0x1fffffd8   Data          64  interface_functions.o(.bss)
    File_Menu                                0x20000018   Data          64  interface_functions.o(.bss)
    waveArray1                               0x20000058   Data        4000  recordings.o(.bss)
    waveArray2                               0x20000ff8   Data        4000  recordings.o(.bss)
    __libspace_start                         0x20001f98   Data          96  libspace.o(.bss)
    __temporary_stack_top$libspace           0x20001ff8   Data           0  libspace.o(.bss)



==============================================================================

Memory Map of the image

  Image Entry point : 0x00000165

  Load Region LR_1 (Base: 0x00000000, Size: 0x00001bf0, Max: 0xffffffff, ABSOLUTE)

    Execution Region ER_RO (Exec base: 0x00000000, Load base: 0x00000000, Size: 0x00001bb8, Max: 0xffffffff, ABSOLUTE)

    Exec Addr    Load Addr    Size         Type   Attr      Idx    E Section Name        Object

    0x00000000   0x00000000   0x000000c0   Data   RO          634    RESET               startup_mkl25z4.o
    0x000000c0   0x000000c0   0x00000008   Code   RO          684  * !!!main             c_p.l(__main.o)
    0x000000c8   0x000000c8   0x0000003c   Code   RO          860    !!!scatter          c_p.l(__scatter.o)
    0x00000104   0x00000104   0x0000001a   Code   RO          862    !!handler_copy      c_p.l(__scatter_copy.o)
    0x0000011e   0x0000011e   0x00000002   PAD
    0x00000120   0x00000120   0x0000001c   Code   RO          864    !!handler_zi        c_p.l(__scatter_zi.o)
    0x0000013c   0x0000013c   0x00000002   Code   RO          729    .ARM.Collect$$libinit$$00000000  c_p.l(libinit.o)
    0x0000013e   0x0000013e   0x00000000   Code   RO          743    .ARM.Collect$$libinit$$00000002  c_p.l(libinit2.o)
    0x0000013e   0x0000013e   0x00000000   Code   RO          745    .ARM.Collect$$libinit$$00000004  c_p.l(libinit2.o)
    0x0000013e   0x0000013e   0x00000000   Code   RO          748    .ARM.Collect$$libinit$$0000000A  c_p.l(libinit2.o)
    0x0000013e   0x0000013e   0x00000000   Code   RO          750    .ARM.Collect$$libinit$$0000000C  c_p.l(libinit2.o)
    0x0000013e   0x0000013e   0x00000000   Code   RO          752    .ARM.Collect$$libinit$$0000000E  c_p.l(libinit2.o)
    0x0000013e   0x0000013e   0x00000000   Code   RO          755    .ARM.Collect$$libinit$$00000011  c_p.l(libinit2.o)
    0x0000013e   0x0000013e   0x00000000   Code   RO          757    .ARM.Collect$$libinit$$00000013  c_p.l(libinit2.o)
    0x0000013e   0x0000013e   0x00000000   Code   RO          759    .ARM.Collect$$libinit$$00000015  c_p.l(libinit2.o)
    0x0000013e   0x0000013e   0x00000000   Code   RO          761    .ARM.Collect$$libinit$$00000017  c_p.l(libinit2.o)
    0x0000013e   0x0000013e   0x00000000   Code   RO          763    .ARM.Collect$$libinit$$00000019  c_p.l(libinit2.o)
    0x0000013e   0x0000013e   0x00000000   Code   RO          765    .ARM.Collect$$libinit$$0000001B  c_p.l(libinit2.o)
    0x0000013e   0x0000013e   0x00000000   Code   RO          767    .ARM.Collect$$libinit$$0000001D  c_p.l(libinit2.o)
    0x0000013e   0x0000013e   0x00000000   Code   RO          769    .ARM.Collect$$libinit$$0000001F  c_p.l(libinit2.o)
    0x0000013e   0x0000013e   0x00000000   Code   RO          771    .ARM.Collect$$libinit$$00000021  c_p.l(libinit2.o)
    0x0000013e   0x0000013e   0x00000000   Code   RO          773    .ARM.Collect$$libinit$$00000023  c_p.l(libinit2.o)
    0x0000013e   0x0000013e   0x00000000   Code   RO          775    .ARM.Collect$$libinit$$00000025  c_p.l(libinit2.o)
    0x0000013e   0x0000013e   0x00000000   Code   RO          779    .ARM.Collect$$libinit$$0000002C  c_p.l(libinit2.o)
    0x0000013e   0x0000013e   0x00000000   Code   RO          781    .ARM.Collect$$libinit$$0000002E  c_p.l(libinit2.o)
    0x0000013e   0x0000013e   0x00000000   Code   RO          783    .ARM.Collect$$libinit$$00000030  c_p.l(libinit2.o)
    0x0000013e   0x0000013e   0x00000000   Code   RO          785    .ARM.Collect$$libinit$$00000032  c_p.l(libinit2.o)
    0x0000013e   0x0000013e   0x00000002   Code   RO          786    .ARM.Collect$$libinit$$00000033  c_p.l(libinit2.o)
    0x00000140   0x00000140   0x00000002   Code   RO          817    .ARM.Collect$$libshutdown$$00000000  c_p.l(libshutdown.o)
    0x00000142   0x00000142   0x00000000   Code   RO          843    .ARM.Collect$$libshutdown$$00000002  c_p.l(libshutdown2.o)
    0x00000142   0x00000142   0x00000000   Code   RO          845    .ARM.Collect$$libshutdown$$00000004  c_p.l(libshutdown2.o)
    0x00000142   0x00000142   0x00000000   Code   RO          848    .ARM.Collect$$libshutdown$$00000007  c_p.l(libshutdown2.o)
    0x00000142   0x00000142   0x00000000   Code   RO          851    .ARM.Collect$$libshutdown$$0000000A  c_p.l(libshutdown2.o)
    0x00000142   0x00000142   0x00000000   Code   RO          853    .ARM.Collect$$libshutdown$$0000000C  c_p.l(libshutdown2.o)
    0x00000142   0x00000142   0x00000000   Code   RO          856    .ARM.Collect$$libshutdown$$0000000F  c_p.l(libshutdown2.o)
    0x00000142   0x00000142   0x00000002   Code   RO          857    .ARM.Collect$$libshutdown$$00000010  c_p.l(libshutdown2.o)
    0x00000144   0x00000144   0x00000000   Code   RO          692    .ARM.Collect$$rtentry$$00000000  c_p.l(__rtentry.o)
    0x00000144   0x00000144   0x00000000   Code   RO          699    .ARM.Collect$$rtentry$$00000002  c_p.l(__rtentry2.o)
    0x00000144   0x00000144   0x00000006   Code   RO          711    .ARM.Collect$$rtentry$$00000004  c_p.l(__rtentry4.o)
    0x0000014a   0x0000014a   0x00000000   Code   RO          701    .ARM.Collect$$rtentry$$00000009  c_p.l(__rtentry2.o)
    0x0000014a   0x0000014a   0x00000004   Code   RO          702    .ARM.Collect$$rtentry$$0000000A  c_p.l(__rtentry2.o)
    0x0000014e   0x0000014e   0x00000000   Code   RO          704    .ARM.Collect$$rtentry$$0000000C  c_p.l(__rtentry2.o)
    0x0000014e   0x0000014e   0x00000008   Code   RO          705    .ARM.Collect$$rtentry$$0000000D  c_p.l(__rtentry2.o)
    0x00000156   0x00000156   0x00000002   Code   RO          734    .ARM.Collect$$rtexit$$00000000  c_p.l(rtexit.o)
    0x00000158   0x00000158   0x00000000   Code   RO          790    .ARM.Collect$$rtexit$$00000002  c_p.l(rtexit2.o)
    0x00000158   0x00000158   0x00000004   Code   RO          791    .ARM.Collect$$rtexit$$00000003  c_p.l(rtexit2.o)
    0x0000015c   0x0000015c   0x00000006   Code   RO          792    .ARM.Collect$$rtexit$$00000004  c_p.l(rtexit2.o)
    0x00000162   0x00000162   0x00000002   PAD
    0x00000164   0x00000164   0x00000040   Code   RO          636  * .text               startup_mkl25z4.o
    0x000001a4   0x000001a4   0x0000015a   Code   RO          678    .text               c_p.l(aeabi_sdiv.o)
    0x000002fe   0x000002fe   0x00000006   Code   RO          682    .text               c_p.l(heapauxi.o)
    0x00000304   0x00000304   0x00000048   Code   RO          686    .text               fz_ps.l(dfixui.o)
    0x0000034c   0x0000034c   0x00000058   Code   RO          688    .text               fz_ps.l(dflti.o)
    0x000003a4   0x000003a4   0x0000003e   Code   RO          715    .text               c_p.l(sys_stackheap_outer.o)
    0x000003e2   0x000003e2   0x00000010   Code   RO          718    .text               c_p.l(exit.o)
    0x000003f2   0x000003f2   0x00000002   PAD
    0x000003f4   0x000003f4   0x00000008   Code   RO          730    .text               c_p.l(libspace.o)
    0x000003fc   0x000003fc   0x00000002   Code   RO          806    .text               c_p.l(use_no_semi.o)
    0x000003fe   0x000003fe   0x00000000   Code   RO          808    .text               c_p.l(indicate_semi.o)
    0x000003fe   0x000003fe   0x00000000   Code   RO          697    x$fpl$usenofp       fz_ps.l(usenofp.o)
    0x000003fe   0x000003fe   0x00000002   PAD
    0x00000400   0x00000400   0x00000010   Code   RO          635    .ARM.__at_0x400     startup_mkl25z4.o
    0x00000410   0x00000410   0x00000248   Code   RO          690    .text               fz_ps.l(dmul.o)
    0x00000658   0x00000658   0x0000000c   Code   RO          787    .text               c_p.l(sys_exit.o)
    0x00000664   0x00000664   0x0000017c   Code   RO            3    i.ADC0_IRQHandler   adc_functions.o
    0x000007e0   0x000007e0   0x00000008   Code   RO          112    i.CalculateBPM      calculations.o
    0x000007e8   0x000007e8   0x00000070   Code   RO          113    i.ChangeSampleRate  calculations.o
    0x00000858   0x00000858   0x00000024   Code   RO          114    i.FindHighThresh    calculations.o
    0x0000087c   0x0000087c   0x00000028   Code   RO          115    i.FindLowThresh     calculations.o
    0x000008a4   0x000008a4   0x00000028   Code   RO          116    i.FindMax           calculations.o
    0x000008cc   0x000008cc   0x00000028   Code   RO          117    i.FindMin           calculations.o
    0x000008f4   0x000008f4   0x00000010   Code   RO            4    i.GetBeats          adc_functions.o
    0x00000904   0x00000904   0x00000138   Code   RO            5    i.Init_ADC          adc_functions.o
    0x00000a3c   0x00000a3c   0x0000004c   Code   RO          188    i.Init_DAC          dac_functions.o
    0x00000a88   0x00000a88   0x00000048   Code   RO          472    i.Init_PIT0         pit_functions.o
    0x00000ad0   0x00000ad0   0x00000080   Code   RO          473    i.Init_PIT1         pit_functions.o
    0x00000b50   0x00000b50   0x00000074   Code   RO          561    i.Init_TPM1         startup_functions.o
    0x00000bc4   0x00000bc4   0x00000108   Code   RO          234    i.Input             interface_functions.o
    0x00000ccc   0x00000ccc   0x00000048   Code   RO          370    i.LCD_command       lcd_lib_4bit_20b.o
    0x00000d14   0x00000d14   0x000000f0   Code   RO          371    i.LCD_init          lcd_lib_4bit_20b.o
    0x00000e04   0x00000e04   0x00000038   Code   RO          372    i.LCD_send_data     lcd_lib_4bit_20b.o
    0x00000e3c   0x00000e3c   0x00000084   Code   RO          235    i.MoveCursor        interface_functions.o
    0x00000ec0   0x00000ec0   0x00000060   Code   RO          474    i.PIT_IRQHandler    pit_functions.o
    0x00000f20   0x00000f20   0x00000078   Code   RO          595    i.PORTA_IRQHandler  switches.o
    0x00000f98   0x00000f98   0x00000296   Code   RO          236    i.RateConverter     interface_functions.o
    0x0000122e   0x0000122e   0x00000002   PAD
    0x00001230   0x00001230   0x00000014   Code   RO          118    i.ReferenceWave     calculations.o
    0x00001244   0x00001244   0x0000000c   Code   RO            6    i.ResetThresh       adc_functions.o
    0x00001250   0x00001250   0x0000006c   Code   RO          237    i.SelectFile        interface_functions.o
    0x000012bc   0x000012bc   0x00000020   Code   RO            7    i.StartRecording    adc_functions.o
    0x000012dc   0x000012dc   0x0000001c   Code   RO          475    i.Start_PIT         pit_functions.o
    0x000012f8   0x000012f8   0x0000000c   Code   RO            8    i.StopRecording     adc_functions.o
    0x00001304   0x00001304   0x0000001c   Code   RO          476    i.Stop_PIT          pit_functions.o
    0x00001320   0x00001320   0x00000138   Code   RO          645    i.SystemInit        system_mkl25z4.o
    0x00001458   0x00001458   0x0000007c   Code   RO          238    i.UpdateBPM         interface_functions.o
    0x000014d4   0x000014d4   0x0000000e   Code   RO          239    i.UpdateMenu        interface_functions.o
    0x000014e2   0x000014e2   0x00000002   PAD
    0x000014e4   0x000014e4   0x00000020   Code   RO          240    i.UpdateSampleRate  interface_functions.o
    0x00001504   0x00001504   0x00000018   Code   RO            9    i.__NVIC_ClearPendingIRQ  adc_functions.o
    0x0000151c   0x0000151c   0x00000018   Code   RO          477    i.__NVIC_ClearPendingIRQ  pit_functions.o
    0x00001534   0x00001534   0x00000018   Code   RO          596    i.__NVIC_ClearPendingIRQ  switches.o
    0x0000154c   0x0000154c   0x00000078   Code   RO           10    i.__NVIC_SetPriority  adc_functions.o
    0x000015c4   0x000015c4   0x00000078   Code   RO          478    i.__NVIC_SetPriority  pit_functions.o
    0x0000163c   0x0000163c   0x00000078   Code   RO          597    i.__NVIC_SetPriority  switches.o
    0x000016b4   0x000016b4   0x00000034   Code   RO          414    i.control_LEDs      leds.o
    0x000016e8   0x000016e8   0x0000001c   Code   RO          373    i.delayMs           lcd_lib_4bit_20b.o
    0x00001704   0x00001704   0x0000001a   Code   RO          320    i.displayString     lcd_functions.o
    0x0000171e   0x0000171e   0x00000002   PAD
    0x00001720   0x00001720   0x00000090   Code   RO          562    i.init_All          startup_functions.o
    0x000017b0   0x000017b0   0x00000078   Code   RO          415    i.init_LEDs         leds.o
    0x00001828   0x00001828   0x00000088   Code   RO          241    i.init_Menu         interface_functions.o
    0x000018b0   0x000018b0   0x0000000c   Code   RO          119    i.init_SampleRate   calculations.o
    0x000018bc   0x000018bc   0x000000b4   Code   RO          598    i.init_Switch       switches.o
    0x00001970   0x00001970   0x00000048   Code   RO          242    i.init_UI           interface_functions.o
    0x000019b8   0x000019b8   0x0000004c   Code   RO          214    i.init_debug_signals  debug_signals.o
    0x00001a04   0x00001a04   0x00000034   Code   RO          452    i.main              main.o
    0x00001a38   0x00001a38   0x0000001c   Code   RO          374    i.pulse_the_LCD_enable  lcd_lib_4bit_20b.o
    0x00001a54   0x00001a54   0x0000000c   Code   RO          526    i.recordFile1       recordings.o
    0x00001a60   0x00001a60   0x0000000c   Code   RO          527    i.recordFile2       recordings.o
    0x00001a6c   0x00001a6c   0x00000074   Code   RO          528    i.sendToDAC         recordings.o
    0x00001ae0   0x00001ae0   0x00000020   Code   RO          416    i.toggle_LEDs       leds.o
    0x00001b00   0x00001b00   0x00000098   Data   RO          121    .constdata          calculations.o
    0x00001b98   0x00001b98   0x00000020   Data   RO          858    Region$$Table       anon$$obj.o


    Execution Region ER_RW (Exec base: 0x1ffff000, Load base: 0x00001bb8, Size: 0x00000038, Max: 0xffffffff, ABSOLUTE)

    Exec Addr    Load Addr    Size         Type   Attr      Idx    E Section Name        Object

    0x1ffff000   0x00001bb8   0x00000024   Data   RW           11    .data               adc_functions.o
    0x1ffff024   0x00001bdc   0x00000004   Data   RW          122    .data               calculations.o
    0x1ffff028   0x00001be0   0x00000010   Data   RW          244    .data               interface_functions.o


    Execution Region ER_ZI (Exec base: 0x1ffff038, Load base: 0x00001bf0, Size: 0x000030c0, Max: 0xffffffff, ABSOLUTE)

    Exec Addr    Load Addr    Size         Type   Attr      Idx    E Section Name        Object

    0x1ffff038        -       0x00000fa0   Zero   RW          120    .bss                calculations.o
    0x1fffffd8        -       0x00000080   Zero   RW          243    .bss                interface_functions.o
    0x20000058        -       0x00001f40   Zero   RW          529    .bss                recordings.o
    0x20001f98        -       0x00000060   Zero   RW          731    .bss                c_p.l(libspace.o)
    0x20001ff8        -       0x00000000   Zero   RW          633    HEAP                startup_mkl25z4.o
    0x20001ff8        -       0x00000100   Zero   RW          632    STACK               startup_mkl25z4.o


==============================================================================

Image component sizes


      Code (inc. data)   RO Data    RW Data    ZI Data      Debug   Object Name

       908        124          0         36          0     228942   adc_functions.o
       308         38        152          4       4000       5427   calculations.o
        76         14          0          0          0        471   dac_functions.o
        76         12          0          0          0        485   debug_signals.o
      1544         88          0         16        128       7394   interface_functions.o
        26          0          0          0          0       1304   lcd_functions.o
       424         34          0          0          0       2806   lcd_lib_4bit_20b.o
       204         24          0          0          0     213077   leds.o
        52          6          0          0          0        483   main.o
       496         66          0          0          0       3808   pit_functions.o
       140         24          0          0       8000       2648   recordings.o
       260         12          0          0          0       1483   startup_functions.o
        80         44        192          0        256        972   startup_mkl25z4.o
       444         48          0          0          0      10197   switches.o
       312         46          0          0          0        625   system_mkl25z4.o

    ----------------------------------------------------------------------
      5356        580        376         56      12384     480122   Object Totals
         0          0         32          0          0          0   (incl. Generated)
         6          0          0          0          0          0   (incl. Padding)

    ----------------------------------------------------------------------

      Code (inc. data)   RO Data    RW Data    ZI Data      Debug   Library Member Name

         8          0          0          0          0         68   __main.o
         0          0          0          0          0          0   __rtentry.o
        12          0          0          0          0          0   __rtentry2.o
         6          0          0          0          0          0   __rtentry4.o
        60          8          0          0          0          0   __scatter.o
        26          0          0          0          0          0   __scatter_copy.o
        28          0          0          0          0          0   __scatter_zi.o
       346          0          0          0          0         92   aeabi_sdiv.o
        16          0          0          0          0         68   exit.o
         6          0          0          0          0        136   heapauxi.o
         0          0          0          0          0          0   indicate_semi.o
         2          0          0          0          0          0   libinit.o
         2          0          0          0          0          0   libinit2.o
         2          0          0          0          0          0   libshutdown.o
         2          0          0          0          0          0   libshutdown2.o
         8          4          0          0         96         68   libspace.o
         2          0          0          0          0          0   rtexit.o
        10          0          0          0          0          0   rtexit2.o
        12          4          0          0          0         60   sys_exit.o
        62          0          0          0          0         80   sys_stackheap_outer.o
         2          0          0          0          0         68   use_no_semi.o
        72          4          0          0          0         68   dfixui.o
        88          0          0          0          0         92   dflti.o
       584         26          0          0          0         84   dmul.o
         0          0          0          0          0          0   usenofp.o

    ----------------------------------------------------------------------
      1364         46          0          0         96        884   Library Totals
         8          0          0          0          0          0   (incl. Padding)

    ----------------------------------------------------------------------

      Code (inc. data)   RO Data    RW Data    ZI Data      Debug   Library Name

       612         16          0          0         96        640   c_p.l
       744         30          0          0          0        244   fz_ps.l

    ----------------------------------------------------------------------
      1364         46          0          0         96        884   Library Totals

    ----------------------------------------------------------------------

==============================================================================


      Code (inc. data)   RO Data    RW Data    ZI Data      Debug   

      6720        626        376         56      12480     478442   Grand Totals
      6720        626        376         56      12480     478442   ELF Image Totals
      6720        626        376         56          0          0   ROM Totals

==============================================================================

    Total RO  Size (Code + RO Data)                 7096 (   6.93kB)
    Total RW  Size (RW Data + ZI Data)             12536 (  12.24kB)
    Total ROM Size (Code + RO Data + RW Data)       7152 (   6.98kB)

==============================================================================

